>FLA
ggccgggcgcggtggcwcacgcctgtaatcccagctacttgggaggctgaggcgggaggatcgcttgagcc
caggagttcgagaccagcctgggcaacatagcgagaccccgtctctaaaaaaaaaaaaaaaaa
>FLAM_A
gccgggcgcggtggcgcgcgcctgtagtcccagctactcgggaggctgaggcgggaggatcgcttgagccc
aggagttcgagaccagcctgggcaacatagcgagaccccgtctctaaaaaaaaaaaaaaaaaaaaaaaaaa
>FLAM_C
rgccgggcgcggtggctcacgcctgtaatcccagcactttgggaggccgaggcgggaggatcgcttgagcc
caggagttcgagaccagcctgggcaacatagcgagaccccgtctctaaaaaaaaaaaaaaaaaaaaaaaaa
a
>AluJo
ggccgggcgcggtggctcacgcctgtaatcccagcactttgggaggccgaggcgggaggattgcttgagcc
caggagttcgagaccagcctgggcaacatagcgagaccccgtctctacaaaaaatacaaaaattagccggg
cgtggtggcgcgcgcctgtagtcccagctactcgggaggctgaggcaggaggatcgcttgagcccaggagt
tcgaggctgcagtgagctatgatcgcgccactgcactccagcctgggcgacagagcgagaccctgtctca
>AluJb
ggccgggcgcggtggctcacgcctgtaatcccagcactttgggaggccgaggcgggaggatcacttgagcc
caggagttcgagaccagcctgggcaacatggtgaaaccccgtctctacaaaaaatacaaaaattagccggg
cgtggtggcgcgcgcctgtagtcccagctactcgggaggctgaggcaggaggatcgcttgagcccgggagg
tcgaggctgcagtgagccgtgatcgcgccactgcactccagcctgggcgacagagcgagaccctgtctca
>AluSc
ggccgggcgcggtggctcacgcctgtaatcccagcactttgggaggccgaggcgggcggatcacgaggtca
agagatcgagaccatcctggccaacatggtgaaaccccgtctctactaaaaatacaaaaattagctgggcg
tggtggcgcgcgcctgtagtcccagctactcgggaggctgaggcaggagaatcgcttgaacccgggaggcg
gaggttgcagtgagccgagatcgcgccactgcactccagcctggcgacagagcgagactccgtctca
>AluSg
ggccgggcgcggtggctcacgcctgtaatcccagcactttgggaggccgaggcgggcggatcacgaggtca
ggagttcgagaccagcctggccaacatggtgaaaccccgtctctactaaaaatacaaaaattagccgggcg
tggtggcgcgcgcctgtaatcccagctactcgggaggctgaggcaggagaatcgcttgaacccgggaggcg
gaggttgcagtgagccgagatcgcgccactgcactccagcctgggcgacagagcgagactccgtctca
>AluSp
ggccgggcgcggtggctcacgcctgtaatcccagcactttgggaggccgaggcgggcggatcacctgaggt
cgggagttcgagaccagcctgaccaacatggagaaaccccgtctctactaaaaatacaaaaattagccggg
cgtggtggcgcatgcctgtaatcccagctactcgggaggctgaggcaggagaatcgcttgaacccgggagg
cggaggttgcggtgagccgagatcgcgccattgcactccagcctgggcaacaagagcgaaactccgtctca
>AluSq
ggccgggcgcggtggctcacgcctgtaatcccagcactttgggaggccgaggcgggtggatcacctgaggt
caggagttcgagaccagcctggccaacatggtgaaaccccgtctctactaaaaatacaaaaattagccggg
cgtggtggcgggcgcctgtaatcccagctactcgggaggctgaggcaggagaatcgcttgaacccgggagg
cggaggttgcagtgagccgagatcgcgccactgcactccagcctgggcaacaagagcgaaactccgtctca
>AluSx
ggccgggcgcggtggctcacgcctgtaatcccagcactttgggaggccgaggcgggcggatcacctgaggt
caggagttcgagaccagcctggccaacatggtgaaaccccgtctctactaaaaatacaaaaattagccggg
cgtggtggcgcgcgcctgtaatcccagctactcgggaggctgaggcaggagaatcgcttgaacccgggagg
cggaggttgcagtgagccgagatcgcgccactgcactccagcctgggcgacagagcgagactccgtctca
>AluSz
ggccgggcgcggtggctcacgcctgtaatcccagcactttgggaggccgaggcgggcggatcacttgaggt
caggagttcgagaccagcctggccaacatggtgaaaccccgtctctactaaaaatacaaaaattagccggg
cgtggtggcgcgcgcctgtaatcccagctactcgggaggctgaggcaggagaatcgcttgaacccgggagg
cggaggttgcagtgagccgagatcgcgccactgcactccagcctgggcgacagagcgagactccgtctca
>AluY
ggccgggcgcggtggctcacgcctgtaatcccagcactttgggaggccgaggcgggcggatcacgaggtca
ggagatcgagaccatcctggctaacacggtgaaaccccgtctctactaaaaatacaaaaaattagccgggc
gtggtggcgggcgcctgtagtcccagctactcgggaggctgaggcaggagaatggcgtgaacccgggaggc
ggagcttgcagtgagccgagatcgcgccactgcactccagcctgggcgacagagcgagactccgtctca
>AluYa5
ggccgggcgcggtggctcacgcctgtaatcccagcactttgggaggccgaggcgggcggatcacgaggtca
ggagatcgagaccatcccggctaaaacggtgaaaccccgtctctactaaaaatacaaaaaattagccgggc
gtagtggcgggcgcctgtagtcccagctacttgggaggctgaggcaggagaatggcgtgaacccgggaggc
ggagcttgcagtgagccgagatcccgccactgcactccagcctgggcgacagagcgagactccgtctca
>AluYa8
ggccgggcgcggtggctcacgcctgtaatcccagcactttgggaggccgaggcgggcggatcacgaggtca
ggagatcgagaccatcccggctaaaacggtgaaaccccgtctctactaaaactacaaaaaatagccgggcg
tagtggcgggcgcctgtagtcctagctacttgggaggctgaggcaggagaatggcgtgaacccgggaggcg
gagcttgcagtgagccgagatcccgccactgcactccagcctgggcgacagagcgagactccgtctca
>AluYb8
ggccgggcgcggtggctcacgcctgtaatcccagcactttgggaggccgaggcgggtggatcatgaggtca
ggagatcgagaccatcctggctaacaaggtgaaaccccgtctctactaaaaatacaaaaaattagccgggc
gcggtggcgggcgcctgtagtcccagctactcgggaggctgaggcaggagaatggcgtgaacccgggaagc
ggagcttgcagtgagccgagattgcgccactgcagtccgcagtccggcctgggcgacagagcgagactccg
tctca
>AluYb9
ggccgggcgcggtggctcacgcctgtaatcccagcactttgggaggccgaggcgggtggatcatgaggtca
ggagatcgagaccatcctggctaacaaggtgaaaccccgtctctactaaaaatacaaaaaattagccgggc
gcggtggcgggcgcctgtagtcccagctactggggaggctgaggcaggagaatggcgtgaacccgggaagc
ggagcttgcagtgagccgagattgcgccactgcagtccgcagtccggcctgggcgacagagcgagactccg
tctca
>AluYc1
ggccgggcgcggtggctcacgcctgtaatcccagcactttgggaggccgaggcgggcggatcacgaggtca
ggagatcgagaccatcctggctaacacggtgaaaccccgtctctactaaaaatacaaaaaattagccgggc
gtggtagcgggcgcctgtagtcccagctactcgggaggctgaggcaggagaatggcgtgaacccgggaggc
ggagcttgcagtgagccgagatcgcgccactgcactccagcctgggcgacagagcgagactccgtctca
>AluYc2
ggccgggcgcggtggctcacgcctgtaatcccagcactttgggaggccgaggcgggcggatcacgaggtca
ggagatcgagaccatcctggctaacaaggtgaaaccccgtctctactaaaaatacaaaaaattagccgggc
gtggtagcgggcgcctgtagtcccagctactcgggaggctgaggcaggagaatggcgtgaacccgggaggc
ggagcttgcagtgagccgagatcgcgccactgcactccagcctgggcgacagagcgagactccgtctca
>AluYd2
ggccgggcgcggtggctcacgcctgtaatcccagcactttgggaggccgaggcgggcggatcacgaggtca
ggagatcgagaccacggtgaaaccccgtctctactaaaaatacaaaaaattagccgggcgcggtggcgggc
gcctgtagtcccagctactcgggaggctgaggcaggagaatggcgtgaacccgggaggcggagcttgcagt
gagccgagatcgcgccactgcactccagcctgggcgacagagcgagactccgtctca
>AluYd3
ggccgggcgcggtggctcacgcttgtaatcccagcactttgggaggccgaggcgggcggatcacgaggtca
ggagatcgagaccacggtgaaaccccgtctctactaaaaatacaaaaaattagccgggcgcggtggcgggc
gcctgtagtcccagctactcgggaggctgaggcaggagaatggcgtgaacccgggaggcggagcttgcagt
gagccgagatcgcgccactgcactccagcctgggcgacagagcgagactccgtctca
>AluYd3a1
ggccgggcgcggtggctcacgcttgtaatcccagcactttgggaggccgaggcgggcggatcacgaggtca
ggagatcgagaccacggtgaaaccccgtctctactaaaaatacaaaaaattagccgggcgcggtggcgggc
gcctgtagtcccagctactcggagaggctgaggcaggagaatggcgtgaacccgggaggcggagcttgcag
tgagccgagatcgcgccactgcactccagcctgggcgacagagcgagactccgtctca
>AluYd8
ggccgggcgcggtggctcacgcctgtaatcccagcactttgggaggccgaggcgggcggatcacgaggtca
ggagatcgagaccacggtgaaaccccgtctctactaaaaatacaaaaaattagccgggcgcagtggcgggc
gcctgtagtcccagctactcgggaggctgaggcaggagaatggcgtgaacccggaaggcggagcttgcagt
gagcggagatcgcgccacagcactcccgcctgggcgacagaacgagactccgtctca
>AluYe5
ggccgggcgcggtggctcacgcctgtaatcccagcactttgggaggccgaggcgggcggatcacgaggtca
ggagatcgagaccatcctggctaacacggtgaaaccccgtctctactaaaaatacaaaaaattagccgggc
gaggtggcgggcgcctgtagtcccagctactcgggaggctgaggcaggagaatggcgtgaaccccgggggg
cggagcctgcagtgagccgagatcgcgccactgcactccagcctgggcgacagcgagactccgtctca
>LTR26B
tgaagccatcctcacagggttaacaagaattctggacagaaatatagttataattaagcattaatcaggct
gcactttgacccacttccttgtaaccaaaagtcacataacactagatactgaccatttgcatccccattgt
tcctatagataggatttctgacgttagaatcataaggcttttgtttaagaattgcttaagcagatcctgaa
ttccagtggaacagctgacgccaaccagtttgaagacccccacagaggaaccgaatcagcatgagaataca
gtttcttcatctccctgtcccatgacttcaccctgcactcttcgaccaatcaatgatctccacacttcggc
ccactccaaaacctttaaaaaccctagccccaaactcctcggggagatggatttgaggtttcctcccatct
cctcattcggcggccctacgattaaacctctttctctgctgcaacctggtgtctcggcgtattgacttgcc
gtgtgcatcgggcaacgaacctattacggttaca
>LTR26C
tgaagccgtcctcatagggttaacaagaattctggacagaaatatagttataattaagcattaatcaggct
gcactttgacccacttccttgtaactgaaagtcacgtagcactagatactgaccatttgcatccccattgt
tcctatagataggatttctgacattagaatcataaggcttttgtttaagaattgcttaagatatttttcag
atcccgaattccagcgaaacagctgatgccaaccagtttgaagacccccacagaggaaccgaatcagcatg
agaatacagtttcttcatctccctgtcccatgacttcaccctgcactcttcgaccaatcaacgatctccac
acttcggcccactccaaaacccttaaaaaccctagccccaaactcctcggggagacggatttgaggtttcc
tcccatctcctcattcggcagccctacgattaaacctctttctctgctgcaacctggtgtctcggtgtatt
gacttgccgtgtgcatcgggcaacgaacctattacggttaca
>LTR26D
tgaaaccatccccacagggttgacaagaattgcatgccaggttctggacagaaatatagttataattaagc
attaatcaggctgcactctggcccacttccttgttgctaaaagtcacgtagcactagatactgaccatttg
catccccattgttcctatagataggatttctgacattagggtcataggactgtttaagaattgatttgcat
ccccattgttcctatagacaggatctctgacattagaatcataaggcttttgtttaagaatcgcttaagat
gtttttcagacctcaaattccagcaaccagtttgaagacccccacagaggaacgggatcagcatgagaata
cagcttcttcatctccctgtcccatgacttcaccctgcactcttcgaccaatcaacgatctccacacttcg
gcccactccaaaacccttaaaaaccctagccccaaattcctcggggagatggatttgaggtttcctcccat
ctcctcattcagtgaccctacgattaaacctctttctctgctgcaacctggtgtctcggcgtattgacttg
ctgtgtgcatcgggcaatgaacctattacggttaca
>AluYa1
ggccgggcgcggtggctcacgcctgtaatcccagcactttgggaggccgaggcgggcggatcacgaggtca
ggagatcgagaccatcctggctaacacggtgaaaccccgtctctactaaaaatacaaaaaattagccgggc
gtggtggcgggcgcctgtagtcccagctactcgggaggctgaggcaggagaatggcgtgaacccgggaggc
ggagcttgcagtgagccgagatcccgccactgcactccagcctgggcgacagagcgagactccgtctca
>AluYa4
ggccgggcgcggtggctcacgcctgtaatcccagcactttgggaggccgaggcgggcggatcacgaggtca
ggagatcgagaccatcccggctaaaacggtgaaaccccgtctctactaaaaatacaaaaaattagccgggc
gtagtggcgggcgcctgtagtcccagctacttgggaggctgaggcaggagaatggcgtgaacccgggaggc
ggagcttgcagtgagccgagatcgcgccactgcactccagcctgggcgacagagcgagactccgtctca
>AluYb3a1
ggccgggcgcggtggctcacgcctgtaatcccagcactttgggaggccgaggcgggtggatcacgaggtca
ggagatcgagaccatcctggctaacacggtgaaaccccgtctctactaaaaatacaaaaaattagccgggc
gtggtggcgggcgcctgtagtcccagctactcgggaggctgaggcaggagaatggcgtgaacccgggaggc
ggagcttgcagtgagccgagattgcgccactgcagtccagcctgggcgacagagcgagactccgtctca
>AluYb3a2
ggccgggcgcggtggctcacgcctgtaatcccagcactttgggaggccgaggcgggcggatcacgaggtca
ggagatcgagaccatcctggctaacacggtgaaaccccgtctctactaaaaatacaaaaaattagccgggc
gcggtggcgggcgcctgtagtcccagctactcgggaggctgaggcaggagaatggcgtgaacccgggaggc
ggagcttgcagtgagccgagatagcgccactgcagtccggcctgggcgaaagagcgagactccgtctca
>AluYf1
ggccgggcgcggtggctcacgcctgtaatcccagcactttgggaggccgaggcgggcggatcacgaggtca
ggagatcgagaccatcctggctaacacggtgaaaccccgtctctactaaaaatacaaaaaattagccgggc
gtggtggcgggcgcctgtagtcccagctacgcgggaggctgaggcaggagaatggcgtgaacccgggaggc
ggagcttgcagtgagccgagatcgcgccactgcactccagcctgggcgacagagcgagactccgtctca
>AluYg6
ggccgggcgcggtggctcacgcctgtaatcccagcactttgggaggccgagacgggcggatcacgaggtca
ggagatcgagaccatcctggctaacacggtgaaaccccgtctctactaaaaatacaaaaaattagccgggc
atggtggcgcgcgcctgtagtcccagctacacgggaggctgaggcaggagaatggcgtgaacccgggaggc
ggagcttgcagtgagtcgagatcgcgccactgcactccagcctgggcgacagagcgaaactccgtctca
>AluYh9
ggccgggcgcggtggctcacgcctgtaatcccagcactttgggaggcagaggcgggcggatcatgaggtca
ggagatcgagaccatcctggctaacgcggtgaaaccccgcctctactaaaaatacaaaaaattagccgggc
gtggtggcgggcgcctgtggtcccggctactcgggaggctgaggcaggagaatggcgtgaacccgggaggc
ggagcttgcagtgagctgaggtcgcgccactgcaccccagcctgggcgacagagcgagactccgtctca
>AluYi6
ggccgggcgcggtggctcacgcttgtaatcccagcactttgggaggccgaggcgggcggatcacgaggtca
ggagatcgagaccatcctggctaacacggtgaaaccccgtctctactaaaaatacaaaaaaattagccggg
cgtgatggcgggcgcctgtagtcccagctactcgggaggctgaggcaggagaatggcgtgaacccgggagg
cggagcttgcagtgagccgagattgcgccactgcactcccgcctgggccacagagcgagactccgtctca
>AluYbc3a
ggccgggcgcggtggctcacgcctgtaatcccagcactttgggaggccgaggcgggcggatcacgaggtca
ggagatcgagaccatcctggctaacacggtgaaaccccgtctctactaaaaatacaaaaaaattagccggg
cgtggtagcgggcgcctgtagtcccagctactcgggaggctgaggcaggagaatggcgtgaacccgggagg
cggagcttgcagtgagccaagatagcgccactgcagtccagcctgggcgaaagagcgagactccgtctca
>AluYe2
ggccgggcgcggtggctcacgcctgtaatcccagcactttgggaggccgaggcgggcggatcacgaggtca
ggagatcgagaccatcctggctaacacggtgaaaccccgtctctactaaaaatacaaaaaattagccgggc
gaggtggcgggcgcctgtagtcccagctactcgggaggctgaggcaggagaatggcgtgaacccgggaggc
ggagcttgcagtgagccgagatcgcgccactgcactccagcctgggcgacagcgagactccgtctca
>AluYf2
ggccgggcgcggtggctcacgcctgtaatcccagcactttgggaggccgaggcgggcggatcacgaggtca
ggagatcgagaccatcctggctaacacagtgaaaccccgtctctactaaaaaacacaaaaaaattagccgg
gcgtggtggcgggcgcctgtagtcccagctacgcgggaggctgaggcaggagaatggcgtgaacccgggag
gcggagcttgcagtgagccgagatcgcgccactgcactccagcctgggcgacagagcgagactccgtctca
>AluJr_SINE1/7SL_Primates
ggccgggcgcggtggctcacgcctgtaatcccagcactttgggaggccgaggcgggaggatcgcttgagg
ccaggagttcgagaccagcctgggcaacatagcgagaccccgtctctacaaaaaatataaaaattagccg
ggcgtggtggcgcgcgcctgtagtcccagctactcgggaggctgaggcgggaggatcgcttgagcccagg
agttcgaggctgcagtgagctatgatcgcgccactgcactccagcctgggcgacagagcgagaccctgtc
tcaaa
>AluJr4_SINE1/7SL_Primates
ggccgggcgcggtggctcacgcctgtaatcccagcactttgggaggccgaggcgggaggatcgcttgagg
ccaggagttcgagaccagcctgggcaacatagcgagaccccgtctctacaaaaaatntaaaaattagccg
ggcgtggtggcgcgcgcctgtagtcctagctactcgggaggctgaggcaggaggatcgcttgagcccagg
agttcgaggttacagtgagctatgatcgcgccactgcactccagcctgggcgacagagcgagaccctgtc
tcaaa
>AluMacYa3_SINE1/7SL_Macaca
ggccgggcgcggtggctcaagcctgtaatcccagcactttgggaggccgagacgggcggatcacgaggtc
aggagatcgagaccatcctggctaacacggtgaaaccccgtctctactaaaaaatacaaaaaactagccg
ggcgaggtggcgggcgcctgtagtcccagctactcgggaggctgaggcaggagaatggcgtgaacccggg
aggcggagcttgcagtgagctgagatccggccactgcactccagcctgggcgacagagcgagactccgtc
tcaaa
>AluMacYb2_SINE1/7SL_Macaca
ggccgggcgcggtggctcacgcctgtaatcccagcactttgggaggccgaggcgggcggatcacaaggtc
aggagatcgagaccacggtgaaaccccgtctctactaaaaatacaaaaaattagccgggcgcggttgtgg
gcgcctgtagtcccagctactcgggaggctgaggcaggagaatggcgtgaacccgggaggcggagcttgc
agtgagccgagatcgcgccactgcactccagcctgggcgacagagcgagactccgtctcaaa
>AluMacYb4_SINE1/7SL_Macaca
ggccgggcgcggtggctcaagcctgtaatcccagcactttgggaggccgaggcgggcggatcacaaggtc
aggagatcgagaccacagtgaaaccccgtctctactaaaaatacaaaaaattagccgggcgcggtggcgg
gcgcctgtagtcccagctactcaggaggctgaggcaggagaatggcgggaacccgggaggcggagcttgc
agtgagccgagatcgcgccactgcactccagcctgggcaacagcgtgagactccgtctcaaa
>AluSc5_SINE1/7SL_Primates
ggccgggcgcggtggctcacgcctgtaatcccagcactttgggaggccgaggcgggcggatcacgaggtc
aggagatcgagaccatcctggccaacatggtgaaaccccgtctctactaaaaatacaaaaattagctggg
cgtggtggcgcgtgcctgtaatcccagctactcgggaggctgaggcaggagaatcgcttgaaccagggag
tcggaggttgcagtgagccgagatcgcgccactgcactccagcctggcgacagagcgagactccgtctca
>AluSc8_SINE1/7SL_Primates
ggccgggcgcggtggctcacgcctgtaatcccagcactttgggaggccgaggcgggcggatcacgaggtc
aggagatcgagaccatcctggctaacacggtgaaaccccgtctctactaaaaatacaaaaaattagccgg
gcgtggtggcacgcgcctgtagtcccagctactcgggaggctgaggcaggagaatcgcttgaacccggga
ggcggaggttgcagtgagccgagatcgcgccactgcactccagcctgggcgacagagcgagactccgtct
ca
>AluSg1_SINE1/7SL_Primates
rgccgggcgcggtggctcacgcctgtaatcccagcactttgggaggccgaggcgggcggatcacgaggtc
aggagttcgagaccagcctggccaagatggtgaaaccccgtctctactaaaaatacaaaaattagccggg
cgtggtggcgcgggcctgtaatcccagctactcgggaggctgaggcagagaatcgcttgaacccgggagg
cggaggttgcagtgagccgagatcgcgccactgcactccagcctgggcgacagagcgagactccgtctca
>AluSg4_SINE1/7SL_Primates
ggccgggcgcggtggctcacgcctgtaatcccagcactttgggaggccgaggcgggtggatcacgaggtc
aggagttcgagaccagcctggccaagatggtgaaaccccgtctctactaaaaatacaaaaattagccggg
cgcggtggcgggcgcctgtaatcccagctactcgggaggctgaggcaggagaatcgcttgaacccgggag
gcggaggttgcagtgagccgagatcgcgccactgcactccagcctgggcgacagagcgagactccgtctc
aaa
>AluSg7_SINE1/7SL_Primates
ggccgggcgcggtggctcacgcctgtaatcccagcactttgggaggccgaggcgggtggatcacgaggtc
aggagttcaagaccagcctggccaagatggtgaaaccccgtctctactaaaaatacaaaaattagccggg
cgtggtggcgggcgcctgtaatcccagctactcgggaggctgaggcagagaattgcttgaacccgggagg
cggaggttgcagtgagccgagatcgcgccactgcactccagcctgggcgacagagcgagactccgtctca
aa
>AluSq10_SINE1/7SL_Primates
ggccgggcgcggtggctcacgcctgtaatcccagcactttgggaggccgaggcgggtggatcacctgagg
tcaggagttctagaccagcctggccaacatggtgaaaccccgtctctactaaaaatacaaaaattagccg
ggcgtggtggcaggcgcctgtaatcccagctactcggggggccgaggcaggagaatcgcttgaacccggg
aggcggaggttgcagtgagccgagatcgcgccatcgcactccagcctgggggacaagagcgagacttcgt
ctcaaa
>AluSq2_SINE1/7SL_Primates
ggccgggcgcggtggctcacgcctgtaatcccagcactttgggaggccgaggcgggcggatcacctgagg
tcaggagttcgagaccagcctggccaacatggtgaaaccccgtctctactaaaaatacaaaaattagccg
ggcgtggtggcgggcgcctgtaatcccagctactcgggaggctgaggcaggagaatcgcttgaacccggg
aggcggaggttgcagtgagccgagatcgcgccattgcactccagcctgggcgacaagagcgaaactccgt
ctcaaa
>AluSq4_SINE1/7SL_Primates
ggccgggcgcggtggctcacgcctgtaatcccagcactttgggaggccgaggcgggcggatcactgaggt
caggagttcgagaccagcctggccaacatggtgaaaccccgtctctactaaaaatacaaaaattagccgg
gcgtggtggcgggcgcctgtaatcccagctactcgggaggctgaggcaggagaatcgcttgaaaccggaa
ggcggaggttgcagtgagccgagatcgcgccactgcactccagcctgggcaacaagagcgaaactccgtc
tcaaa
>AluSx1_SINE1/7SL_Primates
ggccgggcgcggtggctcacgcctgtaatcccagcactttgggaggccgaggcgggcggatcacctgagg
tcaggagttcgagaccagcctggccaacatggtgaaaccccgtctctactaaaaatacaaaaattagccg
ggcgtggtggcgggcgcctgtaatcccagctactcgggaggctgaggcaggagaatcgcttgaacccggg
aggcggaggttgcagtgagccgagatcgcgccactgcactccagcctgggcgacagagcgagactccgtc
tca
>AluSx3_SINE1/7SL_Primates
ggccgggcgcggtggctcacgcctgtaatcccagcactttgggaggccgaggcgggcggatcacgaggtc
aggagttcgagaccagcctggccaacatggtgaaaccccgtctctactaaaaatacaaaaaattagccgg
gcgtggtggcgcgcgcctgtagtcccagctactcgggaggctgaggcaggagaatcgcttgaacccggga
ggcggaggttgcagtgagccgagatcgcgccactgcactccagcctgggcgacagagcgagactccgtct
ca
>AluSx4_SINE1/7SL_Primates
ggccgggcgcggtggctcacgcctgtaatcccagcactttgggaggccgaggcgggcggatcactgaggt
caggagttcgagaccagcctggccaatatggtgaaaccccgtctctactaaaaatacaaaaattagccgg
gcgtggtggcgcgcgcctgtagtcccagctactcgggaggctgaggcagaagaatcgcttgaacccggga
ggcggaggttgcagtgagccgagatcgcgccactgcactccagcctgggcgacagagcgagactccgtct
ca
>AluSz6_SINE1/7SL_Primates
ggccgggcgcggtggctcacgcctgtaatcccagcactttgggaggccgaggcgggcggatcacttgagg
ccaggagttcgagaccagcctggccaacatggcaaaaccccgtctctactaaaaatacaaaaattagccg
ggcgtggtggcgcgcgcctgtaatcccagctactcgggaggctgaggcacgagaatcgcttgaacccggg
aggcggaggttgcagtgagccgagatcgcgccactgcactccagcctgggcgacagagcgagactctgtc
tca
>AluYc5_SINE1/7SL_Primates
rgccgggcgcggtggctcacgcctgtaatcccagcactttgggaggccgaggcgggcggatcacgaggtc
aggagatcgagaccacggtgaaaccccgtctctactaaaaatacaaaaaattagccgggcgcagtggcgg
gcgcctgtagtcccagctactcgggaggctgaggcaggagaatggcgtgaacccggaaggcggagcttgc
agtgagcggagatcgcgccacagcactcccgcctgggcgacagagcgagactccgtctca
>AluYd3a1_gib_SINE1/7SL_Nomascus leucogenys
ggccgggcgcggtggctcacgcttgtaatcccagcactttgggaggccgaggcgggcggatcacgaggtc
aggagatcgagaccacggtgaaaccccgtctctactaaaaatacaaaaaaattagccgggcgtggtggcg
ggcgcctgtagtcccagctactcggagaggctgaggcaggagaatggcgtgaacccgggaggcggagctt
gcagtgagccgagattgcgccactgcactccagcctgggcgacagagcgagactccgtctca
>AluYf5_SINE1/7SL_Primates
ggccgggcgcggtggctcacgcctgtaatcccagcactttgggaggccgaggcgggcggatcacgaggtc
aggagatcgagaccatcctggctaacacggtgaaaccccgtctctactaaaaatacaaaaaattagccgg
gcgaggtggcgggcgcctgtagtcccagctacgcgggaggctgaggcaggagaatggcgtgaaccccggg
gggcggagcctgcagtgagccgagatcgcgccactgcactccagcctgggcgacagcgagactccgtctc
a
>AluYk11_SINE1/7SL_Primates
ggctgggcgcggtggctcacgcctgtaatcccagcactttgggaggccgaggcgggcggatcacaaggtc
aggagatcgagaccatcttggctaacacggtgaaaccccgtctctactaaaaatacaaaaaattagccgg
gcgcggtggcgggcgcctgtagtcccagctactcgggaggctgaggcaggagaatggcgtgaacctggga
ggcggagcttgcagtgagccgagattgcgccactgcaatccggcctgggctaaagagcgggactccgtct
ca
>AluYk12_SINE1/7SL_Primates
ggccgggcgcggtggctcacgcctgtaatcccagcactttgggaggccgaggcgggcggatcacgaggtc
aggagatcgagaccatcctggctaacacggtgaaaccccgtctctactaaaaatacaaaaaattagccgg
gcgtggtggtgggcgcctgtaatcccagctactcgggaggctgaggcaggagaatggcatgaacccaaga
ggcggagcttgcagtgagccgggatagcgccactgcagtccagcttgggcgaaagagtgagactccgtct
ca
>AluYk13_SINE1/7SL_Homo sapiens
ggccgggcgtggtggctcacgcctgtaatcccagcactttgggaggccgaggcgggtggatcatgaggtc
aggagatcgagaccatcctggctaacacagtgaaaccccgtctctactaaaaatacaaaaaattagccgg
gagcggtggcgggctcctgtagtcccagctacttgagaggctgaggcaggagaatggcgtgaacccagga
ggcggagcttgcagtgagccgagatcgcgccactgcactccagcctgggcgacagagccagacgctgtct
ca
>FAM_SINE1/7SL_Primates
gccgggcgcggtggcgcgcgcctgtagtcccagctactcgggaggctgaggcgggaggatcgcttgagcc
caggagttcgaggctgtagtgcgctatgatcgcgcctgtgaatagccactgcactccagcctgagcaaca
tagcgagaccccgtctcttaaaaaaaaa
>FLAM_SINE1/7SL_Primates
gccgggcgcggtggcgcgcgcctgtagtcccagctactcgggaggctgaggcgggaggatcgcttgagcc
caggagttcgagaccagcctgggcaacatagcgagaccccgtctctaaaaaaaa
>FRAM_SINE1/7SL_Primates
gccgggcgcggtggcgcgcgcctgtagtcccagctactcgggaggctgaggcgggaggatcgcttgagcc
caggagttcgaggctgcagtgagctatgatcgcgccactgcactccagcctgggcgacagagcgagaccc
cgtctcaaaaaaaaaa
>RPS2_Pseudogene_Homo sapiens
gctttccgcgctacctacagaggggtccatacggcgttgttctggattcccgtcgtaacttaaagggaaa
ctttcacaatgtccggagcccttgatgtcctgcaaatgaaggaggaggatgtccttaagttccttgcagc
aggaacccacttaggtggcaccaatcttgacttccagatggaacagtacatctataaaaggaaaagtgat
ggcatctatatcataaatctgaagaggacctgggagaagcttctgctggcagctcgtgctattgttgcca
ttgaaaaccctgctgatgtcagtgttatatcctccaggaatactggccagagggctgtgctgaagtttgc
tgctgccactggagccactccaattgctggccgcttcactcctggaaccttcactaaccagatccaggca
gccttccgggagccacggcttcttgtggttactgaccccagggctgaccaccagcctctcacggaggcat
cttatgttaacctacctaccattgctctgtgtaacacagattctcctctgcgctatgtggacattgccat
cccatgcaacaacaagggagctcactcagtgggtttgatgtggtggatgctggctcgggaagttctgcgc
atgcgtggcaccatttcccgtgaacacccatgggaggtcatgcctgatctctacttctacagagatcctg
aagagattgaaaaagaagagcaggctgctgctgaaaaggcagtgaccaaggaggaatttcagggtgaatg
gactgctccagctcctgagttcactgctactcagcctgaggttgcagactggtctgaaggtgtacaggtg
ccctctgtgcctattcagcagttccctactgaagactggagcgctcagcctgccacggaagactggtctg
cagctcccactgctcaggccactgaatgggtaggagcaaccactgactggtcttaagctgttcttgcata
ggctcttaagcaacatggaaaaatggttgatggaaaataaacatcagtttctaaaaaaaaaaaaaaaaaa
a
>SVA_A_SINE_Homo sapiens
ctccctctccctcaccctctccccatggtctccctctccctctctttccacggtctccctctgatgccga
gccgaagctggacggtactgctgccatctcggctcactgcaacctccctgcctgattctcctgcctcagc
ttgccgagtgcctgcgattgcaggcgcgcgccgccacgcctgactggttttcgtattttgttagtggaga
cggggtttcgctgtgttggccgggctggtctccagctcctaaccgcgagtgatccaccagcctcggcctc
ccgaggtgctgggattgcagacggagtctcgttcactcagtgctcaatgatgcccaggctggagtgcagt
ggcgtgatctcggctcgctacaacctccacctcccagcagcctgccttggcctcccaaagtgccgagatt
gcagcctctgcccggccgccaccccgtctgggaagtgaggagtgtctccgcctggccacccatcgtctgg
gatgtgaggagcgtctctgccctgccgcccatcgtctgagatgtggggagcacctctgcccggccgcccc
gtccgggatgtgaggagcgtcgctgcccggccgccccgtctgagaagtgaggagaccctctgcctggcaa
ccgctccatctgagaagtgaggagcccctccgcccggcagccgccctgtctgagaagtgaggagcccctc
cgcccagcagccacctggtccgggagggaggtgggggggtcagccccccgcccggccagccgccccgtcc
gggagggaggtgggggggtcagcccccagcccggccagccgccccgtccgggaagtgaggggcgcctctg
cccggccgcccctactgggaagtgaggagccactttgcccggccagccactctgtccgggagggaggtgg
gggggtcagccccccgcccggccagccgccccgtccgggagggaggtggggggatcagccccccgcccag
ccagccgccccgtccgggagggaggtgggggggtcagccccccgcccggccagccgccctgtccgggagg
tgaggggcgcctctgcccggccgcgcctactggaaagtgaggagcccctctgcccggccaccaccccgtc
tgggaggtgtgcccaacagctcattgagaaggggccatgatgacaatggcggttttgtggaatagaaagg
ggggaaaggtggggaaaagattgagaaatcggatggttgccgtgtctgtgtagaaagaggtagacctggg
agacttttcattttgttctgtactaagaaaaattcttctgccttgggatcctgttgatcggtgaccttac
ccccaaccctgtgctctctgaaacatgtgctgtatccactcagggttgaatggattaagagcggtgcaag
atgtgctttgttaaacagatgcttgaaggcagcatgctccttaagagtcatcaccactccctaatctcaa
gtacccagggacacaaacactgcggaaggccgcagggtcctctgcctaggaaaaccagagacctttgttc
acttgtttatctgctgaccttccctccactattgtcctgtgaccctgccaaatccccctctgtgagaaac
acccaagaatgatcaataaaaaaaaaaaaa
>SVA_B_SINE_Homo sapiens
ctctccctctccctctccctctccctctccctctccctctccctgtcccctctttccacggtctccctct
gatgccgagccgaggctggactgtactgccgccatctcggctcactgcaacctccctgcctgattctcct
gcctcagcctgccgagtgcctgggattgcaggcgcgcgccgccacgcctgactggttttcgtattttttg
gtggagacggggtttcgccgtgttggccgggctggtctccagctcctgaccgcgagtgatctgccagcct
cggcctcccgaggtgccgggattgcagacggagtctcgctcactcagtgctcaatgttgcccaggctgga
gtgcagtggcgtgatctcggctcgctacaacctccacctcccagccgcctgccttggcctcccaaagtgc
cgagattgcagcctctgcccggccgccaccccgtctgggaagtgaggagcgtctctgcctggccgcccat
cgtctgggatgtgaggagcccctctgcccggccgcccagtctgggaagtgaggagcgcctctgcccggcc
gccatcccgtctaggaagtgaggagcgtctctgcccggccgcccatcgtctgagatgtggggagcgcctc
tgccccgccgccccgtctgggatgtgaggagcgcctctgcccggccagccgccccgtctgggaggtgggg
gggtcagccccccgcccggccagccgccccgtccgggaggaggtgggggggtcagccccccgcccggcca
gccgccccgtccgggaggtgaggggcgcctctgcccggccgcccctactgggaagtgaggagcccctctg
cccggccaccaccccgtctgggaggtgtacccaacagctcattgagaacgggccatgatgacgatggcgg
ttttgtcgaatagaaaagggggaaatgtggggaaaagaaagagagatcagattgttactgtgtctgtgta
gaaagaagtagacataggagactccattttgttctgtactaagaaaaattcttctgccttgggatgctgt
taatctataaccttacccccaaccccgtgctctctgaaacatgtgctgtgtccactcagggttaaatgga
ttaagggcggtgcaagatgtgctttgttaaacagatgcttgaaggcagcatgctcgttaagagtcatcac
cactccctaatctcaagtacccagggacacaaacactgcggaaggccgcagggtcctctgcctaggaaaa
ccagagacctttgttcacatgtttatctgctgaccttccctccactattgtcctatgaccctgccaaatc
cccctctccgagaaacacccaagaatgatcaataaatactaaaaaaaaaaaaa
>SVA_C_SINE_Homo sapiens
ctctccctctccctctccctctccctctccctctccctctccctgtcccctctttccacggtctccctct
gatgccgagccgaagctggactgtactgccgccatctcggctcactgcaacctccctgcctgattctcct
gcctcagcctgccgagtgcctgcgattgcaggcgcgcgccgccacgcctgactggttttcgtattttttt
ggtggagacggggtttcgctgtgttggccgggctggtctccagctcctaaccgcgagtgatctgccagcc
tcggcctcccgaggtgccgggattgcagacggagtctcgttcactcagtgctcaatgttgcccaggctgg
agtgcagtggcgtgatctcggctcgctacaacctccacctcccagccgcctgccttggcctcccaaagtg
ccgagattgcagcctctgcccggccgccaccccgtctgggaagtgaggagcgtctctgcctggccgccca
tcgtctgggatgtgaggagcccctctgcccggccgcccagtctgggaagtgaggagcgcctctgcccggc
cgccatcccgtctaggaagtgaggagcgtctctgcccggccgcccatcgtctgagatgtggggagcgcct
ctgccccgccgccccgtctgggatgtgaggagcgcctctgcccggccagccgccccgtctgggaggtggg
ggggtcagccccccgcccggccagccgccccgtccgggaggaggtgggggggtcagccccccgcccggcc
agccgccccgtccgggaggtgaggggcgcctctgcccggccgcccctactgggaagtgaggagcccctct
gcccggccaccaccccgtctgggaggtgtacccaacagctcattgagaacgggccatgatgacgatggcg
gttttgtcgaatagaaaagggggaaatgtggggaaaagatagagaaatcagattgttgctgtgtctgtgt
agaaagaagtagacataggagactccattttgttctgtactaagaaaaattcttctgccttgggatgctg
ttgatctatgaccttacccccaacccggtgctctctgaaacatgtgctgtgtccactcagggttaaatgg
attaagggcggtgcaagatgtgctttgttaaacagatgcttgaaggcagcatgctcgttaagagtcatca
ccactccctaatctcaagtacccagggacacaaacactgcggaaggccgcagggtcctctgcctaggaaa
accagagacctttgttcacttgtttatctgctgaccttccctccactattgtcctatgaccctgccaaat
ccccctctgcgagaaacacccaagaatgatcaataaaaaaaaaaaaaaaaaaaa
>SVA_D_SINE_Homo sapiens
ctctccctctccctctccctctccctctccctctccctctccctgtcccctctttccacggtctccctct
gatgccgagccgaagctggactgtactgctgccatctcggctcactgcaacctccctgcctgattctcct
gcctcagcctgccgagtgcctgcgattgcaggcgcgcgccgccacgcctgactggttttcgtattttttt
ggtggagacggggtttcgctgtgttggccgggctggtctccagctcctaaccgcgagtgatccgccagcc
tcggcctcccgaggtgccgggattgcagacggagtctcgttcactcagtgctcaatggtgcccaggctgg
agtgcagtggcgtgatctcggctcgctacaacctccacctcccagccgcctgccttggcctcccaaagtg
ccgagattgcagcctctgcccggccgccaccccgtctgggaagtgaggagcgtctctgcctggccgccca
tcgtctgggatgtgaggagcccctctgcccggccgcccagtctgggaagtgaggagcgcctctgcccggc
cgccatcccgtctaggaagtgaggagcgtctctgcccggccgcccatcgtctgagatgtggggagcgcct
ctgccccgccgccccgtctgggatgtgaggagcgcctctgcccggccagccgccccgtctgggaggtggg
ggggtcagccccccgcccggccagccgccccgtccgggaggaggtgggggggtcagccccccgcccggcc
agccgccccgtccgggaggtgaggggcgcctctgcccggccgcccctactgggaagtgaggagcccctct
gcccggccaccaccccgtctgggaggtgtacccaacagctcattgagaacgggccatgatgacaatggcg
gttttgtggaatagaaaggggggaaaggtggggaaaagattgagaaatcggatggttgccgtgtctgtgt
agaaagaagtagacatgggagacttttcattttgttctgtactaagaaaaattcttctgccttgggatcc
tgttgatctgtgaccttacccccaaccctgtgctctctgaaacatgtgctgtgtccactcagggttaaat
ggattaagggcggtgcaagatgtgctttgttaaacagatgcttgaaggcagcatgctcgttaagagtcat
caccactccctaatctcaagtacccagggacacaaacactgcggaaggccgcagggtcctctgcctagga
aaaccagagacctttgttcacttgtttatctgctgaccttccctccactattgtcctatgaccctgccaa
atccccctctgcgagaaacacccaagaatgatcaataaaaaaaaaaaaaaaaaaaa
>SVA_E_SINE_Homo sapiens
ctctccctctccctctccctctccctctccctctccctctccctgtcccctctttccacggtctccctct
gatgccgagccaaagctggacggtactgctgccatctcggctcactgcaacctccctgcctgattctcct
gcctcagcctgccgagtgcctgcgattgcaggcgcgcgccgccacgcctgactggttttcgttttttttt
ggtggagacggggtttcgctgtgttggccgggctggtctccagctcctaaccgcgagtgatccgccagcc
tcggcctcccgaggtgccgggattgcagacggagtctcgttcactcagtgctcaatggtgcccaggctgg
agtgcagtggcgtgatctcggctcgctacaaccacctcccagccgcctgccttggcctcccaaagagccg
gattgcagcctctgcccggccgccaccccgtctgggaagtgaggagcgtctctgcctggccgcccatcgt
ctgggatgtgaggagcccctctgcccggccgcccagtctgggaagtgaggagcgcctctgcccggccgcc
atcccgtctaggaagtgaggagcgtctctgcccggccgcccatcgtctgagatgtggggagcgcctctgc
cccgccgccccgtctgggatgtgaggagcgcctctgcccggccagccgccccgtctgggaggtggggggg
tcagccccccgcccggccagccgccccgtccgggaggaggtgggggggtcagccccccgcccggccagcc
gccccgtccgggaggtgaggggcgcctctgcccggccgcccctactgggaagtgaggagcccctctgccc
ggccaccaccccgtctgggaggtgtacccagcggctcattggggatgggccatgatgacaatggcggttt
tgtggaatagaaaggcgggaagggtggggaaaaaattgagaaatcggatggttgccgggtctgtgtggat
agaagtagacatgggagacttttcattttgttctgtactaagaaaaattcttctgccttgggatcctgtt
gatctgtgaccttatccccaaccctgtgctctctgaaacatgtgctgtgtccactcagggttaaatggat
taagggcggtgcaagatgtgctttgttaaacagatgcttgaaggcagcatgctcgttaagagtcatcacc
actccctaatcttaagtacccagggacacaaacactgcggaaggccgcagggtcctctgcctaggaaaac
cagagacctttgttcacttgtttatctgctgaccttccctccactattgtcctatgaccctgccaaatcc
ccctctgcgagaaacacccaagaatgatcaataaaaaaaaaaaaaaaaaaaa
>SVA_F_SINE_Homo sapiens
ctctccctctccctctccctctccctctccctctccctctccctgtcccctctttccacggtctccctct
catgcggagccgaagctggactgtactgctgccatctcggctcactgcaacctccctgcctgattctcct
gcctcagcctgccgagtgcctgcgattgcaggcacgcgccgccacgcctgactggttttggtggagacgg
ggtttcgctgtgttggccgggccggtctccagcccctaaccgcgagtgatccgccaacctcggcctcccg
aggtgccgggattgcagacggagtctcgttcactcagtgctcaatggtgcccaggctggagtgcagtggc
gtgatctcggctcactacaacctacacctcccagccgcctgccttggcctcccaaagtgccgagattgca
gcctctgcccggccgccaccccgtctgggaagtgaggagcgtctctgcctggccgcccatcgtctgggat
gtgaggagcccctctgcccggccgcccagtctgggaagtgaggagcgcctctgcccggccgccatcccgt
ctaggaagtgaggagcgtctctgcccggccgcccatcgtctgagatgtggggagcgcctctgccccgccg
ccccgtctgggatgtgaggagcgcctctgcccggccagccgccccgtctgggaggtgggggggtcagccc
cccgcccggccagccgccccgtccgggaggaggtgggggggtcagccccccgcccggccagccgccccgt
ccgggaggtgaggggcgcctctgcccggccgcccctactgggaagtgaggagcccctctgcccggccacc
accccgtctgggaggtgtacccaacagctcattgagaacgggccaggatgacaatggcggctttgtggaa
tagaaaggcgggaaaggtggggaaaagattgagaaatcggatggttgccgtgtctgtgtagaaagaagta
gacatgggagacttttcattttgttctgcactaagaaaaattcctctgccttgggatcctgttgatctgt
gaccttacccccaaccctgtgctctctgaaacatgtgctgtgtccactcagggttaaatggattaagggc
ggtgcaagatgtgctttgttaaacagatgcttgaaggcagcatgctcgttaagagtcatcaccaatccct
aatctcaagtaatcagggacacaaacactgcggaaggccgcagggtcctctgcctaggaaaaccagagac
ctttgttcacttgtttatctgctgaccttccctccactattgtcccatgaccctgccaaatccccctctg
tgagaaacacccaagaattatcaataaaaaaaataaaaaaaaaaa
>AluYb11_SINE1/7SL_Homo sapiens
ggccgggcgcggtggctcacgcctgtaatcccagcactttgggaggccgaggcgggcggatcacgaggtc
aggagatcgagaccatcctggctaacacggtgaaaccccgtctctactaaaaatacaaaaaattagccgg
gcgtggtggcgggcgcctgtagtcccagctactggggaggctgaggcaggagaatggcgttgaacccggg
aggcggagcttgcagtgagccgagatcgcgccactgcactccgcagtccagcctgggcgacagagcgaga
ctccgtctc
>AluYb10_SINE1/7SL_Homo sapiens
ggccgggcgcggtggctcacgcctgtaatcccagcactttgggaggccgaggcgggcggatcacgaggtc
aggagatcgagaccatcctggctaacacggtgaaaccccgtctctactaaaaatacaaaaaattagccgg
gcgtggtggcgggcgcctgtagtcccagctactggggaggctgaggcaggagaatggcgtgaacccggga
ggcggagcttgcagtgagccgagatcgcgccactgcactccgcagtccagcctgggcgacagagcgagac
tccgtctc
>AluYb8a1_SINE1/7SL_Homo sapiens
ggccgggcgcggtggctcacgcctgtaatcccagcactttgggaggccgaggcgggcggatcacgaggtc
aggagatcgagaccatcctggctaacacggtgaaaccccgtctctactaaaatacaaaaaattagccggg
cgtggtggcgggcgcctgtagtcccagctactcgggaggctgaggcaggagaatggcgtgaacccgggag
gcggagcttgcagtgagccgagatcgcgccactgcactccgcagtccagcctgggcgacagagcgagact
ccgtctc
